\BOOKMARK [1][-]{section.1}{\376\377\143\245\211\346\126\376\377\032\116\316\224\372\170\014\122\060\126\376\213\272}{}% 1
\BOOKMARK [2][-]{subsection.1.1}{\376\377\133\232\116\111}{section.1}% 2
\BOOKMARK [1][-]{section.2}{\376\377\123\125\116\000\131\032\217\271\137\142\133\306\224\372\377\032\000k\000\040\0006\000\040\166\204\143\250\133\374}{}% 3
\BOOKMARK [2][-]{subsection.2.1}{\376\377\000E\000u\000l\000e\000r\000\040\121\154\137\017\143\250\133\374}{section.2}% 4
\BOOKMARK [2][-]{subsection.2.2}{\376\377\227\136\217\271\133\371\217\271\133\306\224\372\166\204\140\305\121\265}{section.2}% 5
\BOOKMARK [1][-]{section.3}{\376\377\153\143\131\032\217\271\137\142\133\306\224\372\116\016\000\040\000A\000r\000c\000h\000i\000m\000e\000d\000e\000a\000n\000\040\230\166\160\271\174\173\127\213}{}% 6
\BOOKMARK [2][-]{subsection.3.1}{\376\377\230\166\160\271\174\173\127\213\166\204\116\042\165\152\126\376\145\271\172\013}{section.3}% 7
\BOOKMARK [2][-]{subsection.3.2}{\376\377\147\232\116\076\176\323\147\234}{section.3}% 8
\BOOKMARK [2][-]{subsection.3.3}{\376\377\116\316\230\166\160\271\174\173\127\213\122\060\143\245\211\346\126\376\123\302\145\160}{section.3}% 9
\BOOKMARK [1][-]{section.4}{\376\377\000T\000u\000r\000\341\000n\000\040\133\232\164\006\116\016\224\372\170\014\166\204\200\124\174\373}{}% 10
\BOOKMARK [2][-]{subsection.4.1}{\376\377\166\364\143\245\136\224\165\050\166\204\134\100\226\120\140\047}{section.4}% 11
\BOOKMARK [2][-]{subsection.4.2}{\376\377\167\037\153\143\147\011\141\017\116\111\166\204\200\124\174\373\377\032\136\163\227\142\000\040\000T\000u\000r\000\341\000n\000\040\145\160}{section.4}% 12
\BOOKMARK [2][-]{subsection.4.3}{\376\377\124\014\174\173\164\367\170\026\116\015\166\370\220\273\377\032\000r\000\040\220\350\136\163\227\142\126\376}{section.4}% 13
\BOOKMARK [1][-]{section.5}{\376\377\000`\000`\221\315\217\271\000'\000'\116\016\131\032\221\315\143\245\211\346}{}% 14
\BOOKMARK [2][-]{subsection.5.1}{\376\377\121\370\131\032\217\271\137\142\133\306\224\372\116\055\116\015\133\130\127\050\167\037\153\143\166\204\221\315\217\271}{section.5}% 15
\BOOKMARK [2][-]{subsection.5.2}{\376\377\143\250\136\177\116\000\377\032\136\046\147\103\143\245\211\346\126\376}{section.5}% 16
\BOOKMARK [2][-]{subsection.5.3}{\376\377\143\250\136\177\116\214\377\032\227\136\217\271\133\371\217\271\133\306\224\372\116\055\166\204\131\032\221\315\143\245\211\346}{section.5}% 17
\BOOKMARK [1][-]{section.6}{\376\377\140\073\176\323\116\016\137\000\145\076\225\356\230\230}{}% 18
\BOOKMARK [2][-]{subsection.6.1}{\376\377\116\073\211\201\176\323\147\234}{section.6}% 19
\BOOKMARK [2][-]{subsection.6.2}{\376\377\137\000\145\076\225\356\230\230}{section.6}% 20
